// Jest Snapshot v1, https://goo.gl/fbAQLP

exports[`Search should render and match snapshot with required props 1`] = `
<form
  onSubmit={[Function]}
>
  <div
    className="chakra-input__group css-1idadyg"
  >
    <input
      className="chakra-input css-cxmp86"
      onBlur={[Function]}
      onChange={[Function]}
      onFocus={[Function]}
      placeholder="Buscar"
      value=""
    />
    <div
      className="chakra-input__right-element css-1ctuf01"
    >
      <button
        className="chakra-button css-1a05ek7"
        role="button"
        type="submit"
      >
        <svg
          className="chakra-icon css-1ivt62w"
          focusable={false}
          viewBox="0 0 24 24"
        >
          <path
            d="M23.384,21.619,16.855,15.09a9.284,9.284,0,1,0-1.768,1.768l6.529,6.529a1.266,1.266,0,0,0,1.768,0A1.251,1.251,0,0,0,23.384,21.619ZM2.75,9.5a6.75,6.75,0,1,1,6.75,6.75A6.758,6.758,0,0,1,2.75,9.5Z"
            fill="currentColor"
          />
        </svg>
      </button>
    </div>
  </div>
</form>
`;
