// Jest Snapshot v1, https://goo.gl/fbAQLP

exports[`Favorite Context should render and match snapshot with required children 1`] = `
<div>
  __CHILDREN__
</div>
`;
